// Jest Snapshot v1, https://goo.gl/fbAQLP

exports[`DatasetItem should match snapshot 1`] = `
<div
  class="dataset-item border border-solid border-gray-200 leading-5"
>
  <div
    class="opt-image--container"
  >
    <a
      class=""
      href="/datasets/mockdataset/add-optical-image"
    >
      <div
        class="thumb thumb__editable thumb__empty"
        title="Add Optical Image"
      >
        <!---->
         
        <!---->
         
        <img
          alt="Add optical image"
          class="thumb--img"
          src="../../../assets/no_opt_image.png"
        />
         
        <div
          class="thumb--overlay el-icon-edit el-icon-plus"
        />
      </div>
    </a>
  </div>
   
  <div
    class="ds-info"
  >
    <div
      class="ds-item-line flex"
    >
      <span
        class="font-bold truncate"
      />
      <mock-el-popover
        class="ml-1"
        placement="top"
        trigger="hover"
      >
        <div
          slot-key="default"
        >
          <div
            mock-v-loading="true"
          />
        </div>
        <div
          slot-key="reference"
        >
          <i
            class="el-icon-lock"
          />
        </div>
      </mock-el-popover>
      <mock-el-popover
        class="ml-1"
        placement="top"
        popper-class="min-w-0"
        trigger="hover"
      >
        <div
          slot-key="default"
        >
           
          <p
            class="leading-none m-0"
          >
            Copy dataset id to clipboard
          </p>
        </div>
        <div
          slot-key="reference"
        >
          <button
            class="button-reset flex  w-6 h-6"
          >
            <svg
              class="h-full w-full text-gray-400 hover:text-gray-500 sm-copy-icon"
              data-icon="copy-id"
            />
          </button>
        </div>
      </mock-el-popover>
    </div>
    <div
      class="ds-item-line text-gray-700"
    >
      <span
        class="ds-add-filter"
        title="Filter by species"
      >
        organism
      </span>
      , 
      <span
        class="ds-add-filter"
        title="Filter by organism part"
      >
        organismpart
      </span>
       
      <span
        class="ds-add-filter"
        title="Filter by condition"
      >
        (condition)
      </span>
    </div>
    <div
      class="ds-item-line"
    >
      <span
        class="ds-add-filter"
        title="Filter by ionisation source"
      />
       + 
      <span
        class="ds-add-filter"
        title="Filter by analyzer type"
      >
        type
      </span>
      , 
      <span
        class="ds-add-filter"
        title="Filter by polarity"
      >
        positive mode
      </span>
      , RP 123k @ 1234
    </div>
    <div
      class="ds-item-line"
    >
      Submitted 
      <mock-elapsed-time
        date="2020-04-17T11:37:50.318667"
      />
       by 
      <span
        class="ds-add-filter"
        title="Filter by submitter"
      />
    </div>
    <div
      class="ds-item-line"
    >
      <span>
        <a
          class=""
          href="/annotations?db_id=6&ds=mockdataset"
        >
          20 annotations
        </a>
         @ FDR 10% (HMDB-v2.5)
      </span>
    </div>
  </div>
   
  <div
    class="ds-actions"
  >
    <mock-el-dialog
      customclass="dataset-item-dialog"
      title="Provided metadata"
    >
      <div
        class="el-row"
      >
        <mock-el-tree
          data="[object Object],[object Object],[object Object]"
          default-expanded-keys="MS analysis,Detector resolving power,Data Management,Annotation settings"
          id="metadata-tree"
          node-key="id"
        />
      </div>
    </mock-el-dialog>
    <span>
      <i
        class="el-icon-picture"
      />
      <mock-el-popover
        placement="top"
        trigger="hover"
      >
        <div
          slot-key="default"
        >
          <div
            class="db-link-list"
          >
            Select a database:
            <div>
              <a
                class=""
                href="/annotations?db_id=2&ds=mockdataset"
              >
                CHEBI
              </a>
            </div>
            <div>
              <a
                class=""
                href="/annotations?db_id=6&ds=mockdataset"
              >
                HMDB-v2.5
              </a>
            </div>
            <div>
              <a
                class=""
                href="/annotations?db_id=22&ds=mockdataset"
              >
                HMDB-v4
              </a>
            </div>
          </div>
        </div>
        <div
          slot-key="reference"
        >
          <a>
            Browse annotations
          </a>
        </div>
      </mock-el-popover>
      <br />
    </span>
    <div>
      <i
        class="el-icon-view"
      />
      <a
        href="#"
      >
        Show full metadata
      </a>
    </div>
    <div>
      <i
        class="el-icon-data-analysis"
      />
      <a
        class=""
        classname="mr-2"
        href="/dataset/mockdataset"
      >
        <span>
          Dataset overview
        </span>
      </a>
    </div>
    <div>
      <i
        class="el-icon-edit"
      />
      <a
        class=""
        href="/datasets/edit/mockdataset"
      >
        Edit
      </a>
    </div>
  </div>
</div>
`;
