// Jest Snapshot v1, https://goo.gl/fbAQLP

exports[`Datasets/DownloadDialog should match snapshot 1`] = `
<transition-stub
  name="dialog-fade"
  style="z-index: 2001;"
>
  <div
    class="el-dialog__wrapper"
  >
    <div
      aria-label="Download Mouse whole body DHB"
      aria-modal="true"
      class="el-dialog el-dialog-lean max-w-xl"
      role="dialog"
      style="margin-top: 15vh;"
    >
      <div
        class="el-dialog__header"
      >
        <span
          class="el-dialog__title"
        >
          Download Mouse whole body DHB
        </span>
        <button
          aria-label="Close"
          class="el-dialog__headerbtn"
          type="button"
        >
          <i
            class="el-dialog__close el-icon el-icon-close"
          />
        </button>
      </div>
      <div
        class="el-dialog__body"
      >
        <p>
          <p>
            This dataset is distributed under the 
            <a
              href="https://creativecommons.org/licenses/by/4.0/"
              rel="noopener noreferrer nofollow"
              target="_blank"
            >
              CC BY 4.0
            </a>
             license. Make sure to credit the author of this dataset:
          </p>
        </p>
        <ul>
          <li
            class="list-none"
          >
            Foo Bar, EMBL
          </li>
        </ul>
        <h4>
          Files
        </h4>
        <div
          class="flex my-1 flex-wrap"
        >
          <div
            class="flex items-center p-1 w-1/2 box-border"
          >
            <a
              href="https://sm-engine-upload.s3.eu-west-1.amazonaws.com/test/Image5.ibd?AWSAccessKeyId=test&Expires=1585569522&Signature=test%3D"
            >
              <svg
                style="width: 32px; height: 50px;"
                viewBox="0 0 72 100"
                xmlns="http://www.w3.org/2000/svg"
              >
                <lineargradient
                  gradientUnits="userSpaceOnUse"
                  id="a"
                  x1="36"
                  x2="36"
                  y1="99"
                  y2="1"
                >
                  <stop
                    offset="0"
                    stop-color="#c8d4db"
                  />
                  <stop
                    offset=".139"
                    stop-color="#d8e1e6"
                  />
                  <stop
                    offset=".359"
                    stop-color="#ebf0f3"
                  />
                  <stop
                    offset=".617"
                    stop-color="#f9fafb"
                  />
                  <stop
                    offset="1"
                    stop-color="#fff"
                  />
                </lineargradient>
                <path
                  d="M45 1L71 27.7V99H1V1H45Z"
                  fill="url(#a)"
                  stroke="#7191a1"
                  stroke-width="2"
                />
                <lineargradient
                  gradientUnits="userSpaceOnUse"
                  id="b"
                  x1="45.068"
                  x2="58.568"
                  y1="27.796"
                  y2="14.395"
                >
                  <stop
                    offset="0"
                    stop-color="#fff"
                  />
                  <stop
                    offset=".35"
                    stop-color="#fafbfb"
                  />
                  <stop
                    offset=".532"
                    stop-color="#edf1f4"
                  />
                  <stop
                    offset=".675"
                    stop-color="#dde5e9"
                  />
                  <stop
                    offset=".799"
                    stop-color="#c7d3da"
                  />
                  <stop
                    offset=".908"
                    stop-color="#adbdc7"
                  />
                  <stop
                    offset="1"
                    stop-color="#92a5b0"
                  />
                </lineargradient>
                <path
                  d="M45 1L71 27.7H45V1z"
                  fill="url(#b)"
                  stroke="#7191a1"
                  stroke-linejoin="bevel"
                  stroke-width="2"
                />
                <text
                  fill="#7191a1"
                  font-size="20px"
                  font-weight="bold"
                  text-anchor="middle"
                  text-length="64"
                  x="36"
                  y="60"
                >
                  .ibd
                </text>
              </svg>
            </a>
            <a
              class="flex mx-3 my-1 overflow-hidden"
              href="https://sm-engine-upload.s3.eu-west-1.amazonaws.com/test/Image5.ibd?AWSAccessKeyId=test&Expires=1585569522&Signature=test%3D"
            >
              <span
                class="flex-shrink truncate"
              >
                Image5
              </span>
              <span>
                .ibd
              </span>
            </a>
          </div>
          <div
            class="flex items-center p-1 w-1/2 box-border"
          >
            <a
              href="https://sm-engine-upload.s3.eu-west-1.amazonaws.com/test/Image5.imzML?AWSAccessKeyId=test&Expires=1585569522&Signature=test%3D"
            >
              <svg
                style="width: 32px; height: 50px;"
                viewBox="0 0 72 100"
                xmlns="http://www.w3.org/2000/svg"
              >
                <lineargradient
                  gradientUnits="userSpaceOnUse"
                  id="a"
                  x1="36"
                  x2="36"
                  y1="99"
                  y2="1"
                >
                  <stop
                    offset="0"
                    stop-color="#c8d4db"
                  />
                  <stop
                    offset=".139"
                    stop-color="#d8e1e6"
                  />
                  <stop
                    offset=".359"
                    stop-color="#ebf0f3"
                  />
                  <stop
                    offset=".617"
                    stop-color="#f9fafb"
                  />
                  <stop
                    offset="1"
                    stop-color="#fff"
                  />
                </lineargradient>
                <path
                  d="M45 1L71 27.7V99H1V1H45Z"
                  fill="url(#a)"
                  stroke="#7191a1"
                  stroke-width="2"
                />
                <lineargradient
                  gradientUnits="userSpaceOnUse"
                  id="b"
                  x1="45.068"
                  x2="58.568"
                  y1="27.796"
                  y2="14.395"
                >
                  <stop
                    offset="0"
                    stop-color="#fff"
                  />
                  <stop
                    offset=".35"
                    stop-color="#fafbfb"
                  />
                  <stop
                    offset=".532"
                    stop-color="#edf1f4"
                  />
                  <stop
                    offset=".675"
                    stop-color="#dde5e9"
                  />
                  <stop
                    offset=".799"
                    stop-color="#c7d3da"
                  />
                  <stop
                    offset=".908"
                    stop-color="#adbdc7"
                  />
                  <stop
                    offset="1"
                    stop-color="#92a5b0"
                  />
                </lineargradient>
                <path
                  d="M45 1L71 27.7H45V1z"
                  fill="url(#b)"
                  stroke="#7191a1"
                  stroke-linejoin="bevel"
                  stroke-width="2"
                />
                <text
                  fill="#7191a1"
                  font-size="20px"
                  font-weight="bold"
                  text-anchor="middle"
                  text-length="64"
                  x="36"
                  y="60"
                >
                  .imzML
                </text>
              </svg>
            </a>
            <a
              class="flex mx-3 my-1 overflow-hidden"
              href="https://sm-engine-upload.s3.eu-west-1.amazonaws.com/test/Image5.imzML?AWSAccessKeyId=test&Expires=1585569522&Signature=test%3D"
            >
              <span
                class="flex-shrink truncate"
              >
                Image5
              </span>
              <span>
                .imzML
              </span>
            </a>
          </div>
        </div>
        <p>
          <i>
            These download links expire after 30 minutes.
          </i>
        </p>
      </div>
      <!---->
    </div>
  </div>
</transition-stub>
`;
