// Jest Snapshot v1, https://goo.gl/fbAQLP

exports[`EditUserPage should match snapshot 1`] = `
<div class="main-content">
  <mock-el-dialog title="Delete account" custom-class="delete-account-dialog" width="500px">
    <p>
      If you delete your account, you will lose access to all private datasets.
    </p>
    <p>
      Please select whether you would like to delete all your datasets or keep them within METASPACE accessible by the group members:
    </p> <label class="el-checkbox" style="margin: 10px 20px;"><span class="el-checkbox__input"><span class="el-checkbox__inner"></span><input type="checkbox" aria-hidden="false" class="el-checkbox__original" value=""></span><span class="el-checkbox__label">
      Delete datasets that I have submitted
    <!----></span></label>
    <div style="margin: 10px 0px 20px; text-align: right;"><button type="button" class="el-button el-button--default" title="Cancel">
        <!---->
        <!----><span>
        Cancel
      </span></button> <button type="button" class="el-button el-button--danger" title="Delete account">
        <!---->
        <!----><span>
        Delete account
      </span></button></div>
    <p><b>Note:</b> if you choose not to delete the datasets now, you will still be able to have them
      deleted later by emailing the <a href="mailto:contact@metaspace2020.eu">METASPACE administrators</a>.
    </p>
  </mock-el-dialog>
  <div class="user-edit-page" mock-v-loading="false">
    <div class="el-row">
      <div class="el-col el-col-16">
        <h2>User details</h2>
      </div>
      <div class="el-col el-col-8"><button disabled="disabled" type="button" class="el-button saveButton el-button--primary is-disabled" title="Save">
          <!---->
          <!----><span>
          Save
        </span></button></div>
    </div>
    <div class="el-row" style="margin-left: -10px; margin-right: -10px;">
      <form class="el-form el-form--label-top">
        <div>
          <div class="el-col el-col-8" style="padding-left: 10px; padding-right: 10px;">
            <div class="el-form-item is-required"><label for="name" class="el-form-item__label">Full name</label>
              <div class="el-form-item__content">
                <div class="el-input">
                  <!----><input type="text" autocomplete="off" name="name" class="el-input__inner">
                  <!---->
                  <!---->
                  <!---->
                  <!---->
                </div>
                <transition-stub name="el-zoom-in-top">
                  <!---->
                </transition-stub>
              </div>
            </div>
          </div>
          <div class="el-col el-col-8" style="padding-left: 10px; padding-right: 10px;">
            <div class="el-form-item is-required"><label for="email" class="el-form-item__label">Email address</label>
              <div class="el-form-item__content">
                <div class="el-input">
                  <!----><input type="text" autocomplete="off" name="email" class="el-input__inner">
                  <!---->
                  <!---->
                  <!---->
                  <!---->
                </div>
                <transition-stub name="el-zoom-in-top">
                  <!---->
                </transition-stub>
              </div>
            </div>
            <!---->
          </div>
          <div class="el-col el-col-8" style="padding-left: 10px; padding-right: 10px;">
            <div class="el-form-item is-required"><label class="el-form-item__label">Password</label>
              <div class="el-form-item__content"><button type="button" class="el-button el-button--text" style="margin-left: 16px;">
                  <!---->
                  <!----><span>
                Click to change...
              </span></button>
                <transition-stub name="el-zoom-in-top">
                  <!---->
                </transition-stub>
              </div>
            </div>
          </div>
        </div>
      </form>
    </div>
    <div>
      <h2>Groups</h2>
      <div>
        <table class="sm-table sm-table-user-details">
          <tr>
            <th>Group</th>
            <th>Role</th>
            <th>Datasets</th>
            <th></th>
          </tr>
          <tr>
            <td>
              <div class="sm-table-cell"><a href="/group/grp-a" class="">Group A</a>
                <mock-el-tooltip content="Group A has a pending membership request." placement="right"><span class="notification"></span></mock-el-tooltip>
              </div>
            </td>
            <td>Member</td>
            <td>0</td>
            <td>
              <div class="sm-table-button-group"><button type="button" class="el-button el-button--default el-button--mini">
                  <!----><i class="el-icon-arrow-right"></i><span>Leave</span></button></div>
            </td>
          </tr>
          <tr>
            <td>
              <div class="sm-table-cell"><a href="/group/BBB" class="">Group B</a></div>
            </td>
            <td>Invited</td>
            <td>0</td>
            <td>
              <div class="sm-table-button-group"><button type="button" class="el-button el-button--success el-button--mini">
                  <!----><i class="el-icon-check"></i><span>Accept</span></button><button type="button" class="el-button el-button--default el-button--mini">
                  <!----><i class="el-icon-close"></i><span>Decline</span></button></div>
            </td>
          </tr>
          <tr>
            <td>
              <div class="sm-table-cell"><a href="/group/CCC" class="">Group C</a>
                <mock-el-tooltip content="Group C has a pending membership request." placement="right"><span class="notification"></span></mock-el-tooltip>
              </div>
            </td>
            <td>Requesting access</td>
            <td>0</td>
            <td>
              <div class="sm-table-button-group"></div>
            </td>
          </tr>
          <tr>
            <td>
              <div class="sm-table-cell"><a href="/group/DDD" class="">Group D</a></div>
            </td>
            <td>Group admin</td>
            <td><a href="/datasets?grp=DDD&amp;subm=22333" class="">20</a></td>
            <td>
              <div class="sm-table-button-group"><button disabled="disabled" type="button" class="el-button el-button--default el-button--mini is-disabled">
                  <!----><i class="el-icon-arrow-right"></i><span>Leave</span></button></div>
            </td>
          </tr>
        </table>
      </div>
      <div>
        <p>Primary group:</p>
        <mock-el-select placeholder="Select" value="DDD" style="width: 400px;" mock-v-loading="false">
          <mock-el-option label="Group A" value="AAA"></mock-el-option>
          <mock-el-option label="Group B" value="BBB"></mock-el-option>
          <mock-el-option label="Group C" value="CCC"></mock-el-option>
          <mock-el-option label="Group D" value="DDD"></mock-el-option>
        </mock-el-select>
      </div>
    </div>
    <div style="margin-top: 40px;">
      <h2>Projects</h2>
      <div class="el-row">
        <mock-el-dialog append-to-body="" title="Create project" class="dialog">
          <div mock-v-loading="0">
            <form class="el-form leading-6 v-rhythm-3 el-form--label-top" size="mini">
              <div><label><span class="text-base font-medium">Title</span>
                  <div class="el-form-item is-required">
                    <!---->
                    <div class="el-form-item__content">
                      <div class="py-1 el-input">
                        <!----><input type="text" autocomplete="off" max-length="50" min-length="2" class="el-input__inner">
                        <!---->
                        <!---->
                        <!---->
                        <!---->
                      </div>
                      <transition-stub name="el-zoom-in-top">
                        <!---->
                      </transition-stub>
                    </div>
                  </div></label>
                <div class="hidden el-input">
                  <!----><input type="text" autocomplete="off" class="el-input__inner">
                  <!---->
                  <!---->
                  <!---->
                  <!---->
                </div>
              </div>
              <div><label><span class="text-base font-medium">Privacy</span> <span class="block text-sm text-gray-800">
        Visibility of the project only, does not apply to included datasets
      </span></label>
                <div class="h-10 flex items-center">
                  <div role="switch" class="el-switch"><input type="checkbox" name="" true-value="true" class="el-switch__input"><span class="el-switch__label el-switch__label--left is-active"><!----><span>Private</span></span><span class="el-switch__core" style="width: 40px;"></span><span class="el-switch__label el-switch__label--right"><!----><span aria-hidden="true">Public</span></span></div>
                </div>
                <!---->
              </div>
            </form>
            <div class="mt-6">
              <h4 class="m-0">
                Would you like to include previously submitted datasets?
              </h4>
              <div>
                <div class="select-buttons"><a href="#">Select none</a> <span> | </span> <a href="#">Select all</a></div>
                <div class="dataset-checkbox-list leading-6">
                  <div><label class="el-checkbox flex h-6 items-center"><span class="el-checkbox__input"><span class="el-checkbox__inner"></span><input type="checkbox" aria-hidden="false" class="el-checkbox__original" value=""></span><span class="el-checkbox__label"><span title="allDatasets.0.name" class="truncate">
          allDatasets.0.name
        </span> <span class="text-gray-700 text-xs tracking-wide pl-1"><mock-elapsed-time date="allDatasets.0.uploadDT"></mock-elapsed-time></span>
                      <!----></span></label></div>
                  <div><label class="el-checkbox flex h-6 items-center"><span class="el-checkbox__input"><span class="el-checkbox__inner"></span><input type="checkbox" aria-hidden="false" class="el-checkbox__original" value=""></span><span class="el-checkbox__label"><span title="allDatasets.1.name" class="truncate">
          allDatasets.1.name
        </span> <span class="text-gray-700 text-xs tracking-wide pl-1"><mock-elapsed-time date="allDatasets.1.uploadDT"></mock-elapsed-time></span>
                      <!----></span></label></div>
                </div>
              </div>
            </div>
            <div class="button-bar"><button type="button" class="el-button el-button--default">
                <!---->
                <!----><span>
        Cancel
      </span></button> <button autofocus="autofocus" type="button" class="el-button el-button--primary">
                <!---->
                <!----><span>
        Create project
      </span></button></div>
          </div>
        </mock-el-dialog>
        <table class="sm-table sm-table-user-details">
          <tr>
            <th>Project</th>
            <th>Role</th>
            <th>Datasets</th>
            <th></th>
          </tr>
          <tr>
            <td>
              <div class="sm-table-cell"><a href="/project/proj-a" class="">
                  Project A
                </a>
                <mock-el-tooltip content="Project A has a pending membership request." placement="right"><span class="notification"></span></mock-el-tooltip>
              </div>
            </td>
            <td>
              Member
            </td>
            <td>
              <!----> <span>0</span></td>
            <td><button type="button" class="el-button el-button--default el-button--mini">
                <!----><i class="el-icon-arrow-right"></i><span>
          Leave
        </span></button>
              <!---->
              <!---->
              <!---->
            </td>
          </tr>
          <tr>
            <td>
              <div class="sm-table-cell"><a href="/project/BB" class="">
                  Project B
                </a>
                <!---->
              </div>
            </td>
            <td>
              Invited
            </td>
            <td>
              <!----> <span>0</span></td>
            <td>
              <!---->
              <!----> <button type="button" class="el-button el-button--success el-button--mini">
                <!----><i class="el-icon-check"></i><span>
          Accept
        </span></button> <button type="button" class="el-button el-button--default el-button--mini">
                <!----><i class="el-icon-close"></i><span>
          Decline
        </span></button></td>
          </tr>
          <tr>
            <td>
              <div class="sm-table-cell"><a href="/project/CC" class="">
                  Project C
                </a>
                <mock-el-tooltip content="Project C has a pending membership request." placement="right"><span class="notification"></span></mock-el-tooltip>
              </div>
            </td>
            <td>
              Requesting access
            </td>
            <td>
              <!----> <span>0</span></td>
            <td>
              <!---->
              <!---->
              <!---->
              <!---->
            </td>
          </tr>
          <tr>
            <td>
              <div class="sm-table-cell"><a href="/project/DD" class="">
                  Project D
                </a>
                <!---->
              </div>
            </td>
            <td>
              Project manager
            </td>
            <td><a href="/datasets?prj=DD&amp;subm=22333" class="">
                20
              </a>
              <!---->
            </td>
            <td>
              <!----> <button disabled="disabled" type="button" class="el-button el-button--default el-button--mini is-disabled">
                <!----><i class="el-icon-arrow-right"></i><span>
          Leave
        </span></button>
              <!---->
              <!---->
            </td>
          </tr>
        </table>
        <div class="el-row"><button type="button" class="el-button el-button--default" style="float: right; margin: 10px 0px;">
            <!---->
            <!----><span>
      Create project
    </span></button></div>
      </div>
    </div>
    <section>
      <h2>API access</h2>
      <div class="action-with-message">
        <p class="max-w-measure-4">
          To <a href="https://github.com/metaspace2020/metaspace/tree/master/metaspace/python-client">access METASPACE programmatically</a>
          or integrate with trusted third-party applications, an API key can be used to avoid sharing your password.
        </p>
        <!---->
      </div>
      <div class="el-row">
        <div class="action-with-message">
          <div class="max-w-measure-1 el-input el-input-group el-input-group--append">
            <!----><input type="password" readonly="readonly" autocomplete="off" class="el-input__inner">
            <!---->
            <!---->
            <div class="el-input-group__append">
              <mock-el-tooltip manual="true" content="Copied!" placement="right"><button type="button" class="el-button el-button--default" title="Copy to clipboard">
                  <!----><i class="el-icon-document-copy"></i>
                  <!----></button></mock-el-tooltip>
            </div>
            <!---->
          </div> <button type="button" class="el-button el-button--danger">
            <!---->
            <!----><span>
            Revoke key
          </span></button>
        </div>
      </div>
    </section>
    <section>
      <h2>Delete account</h2>
      <div class="action-with-message">
        <p class="max-w-measure-3">
          If you delete your METASPACE account, you can optionally remove all of your datasets.
          If datasets are not removed, the private data will still be accessible by the group members only.
        </p> <button type="button" class="el-button el-button--danger" title="Delete account">
          <!---->
          <!----><span>
          Delete account
        </span></button>
      </div>
    </section>
  </div>
</div>
`;
