// Jest Snapshot v1, https://goo.gl/fbAQLP

exports[`DatasetComparisonAnnotationTable it should match snapshot 1`] = `
<div class="dataset-comparison-annotation-table relative" annotations="[object Object],[object Object]" onrowchange="function mockConstructor(_a) {
        return fn.apply(this, arguments);
      }">
  <div class="el-table el-table--fit el-table--striped el-table--border el-table--scrollable-x el-table--enable-row-hover el-table--enable-row-transition el-table--mini" id="annot-table" current="true" elementloadingtext="Loading results …" tabindex="1">
    <div class="hidden-columns">
      <div></div>
      <div></div>
      <div></div>
      <div></div>
      <div></div>
    </div>
    <div class="el-table__header-wrapper">
      <table cellspacing="0" cellpadding="0" border="0" class="el-table__header" style="width: 520px;">
        <colgroup>
          <col name="el-table_1_column_1" width="120">
          <col name="el-table_1_column_2" width="120">
          <col name="el-table_1_column_3" width="60">
          <col name="el-table_1_column_4" width="100">
          <col name="el-table_1_column_5" width="120">
        </colgroup>
        <thead class="">
          <tr class="">
            <th colspan="1" rowspan="1" class="el-table_1_column_1     is-leaf is-sortable">
              <div class="cell">Annotation<span class="caret-wrapper"><i class="sort-caret ascending"></i><i class="sort-caret descending"></i></span></div>
            </th>
            <th colspan="1" rowspan="1" class="el-table_1_column_2     is-leaf is-sortable">
              <div class="cell">
                <div class="msm-header">Best MSM<mock-el-popover trigger="hover" placement="right">
                    <div slot-key="default">Highest MSM among the datasets.</div>
                    <div slot-key="reference"><i class="el-icon-question metadata-help-icon ml-1"></i></div>
                  </mock-el-popover>
                </div><span class="caret-wrapper"><i class="sort-caret ascending"></i><i class="sort-caret descending"></i></span>
              </div>
            </th>
            <th colspan="1" rowspan="1" class="el-table_1_column_3     is-leaf is-sortable">
              <div class="cell">m/z<span class="caret-wrapper"><i class="sort-caret ascending"></i><i class="sort-caret descending"></i></span></div>
            </th>
            <th colspan="1" rowspan="1" class="el-table_1_column_4     is-leaf is-sortable">
              <div class="cell">Datasets #<span class="caret-wrapper"><i class="sort-caret ascending"></i><i class="sort-caret descending"></i></span></div>
            </th>
            <th colspan="1" rowspan="1" class="el-table_1_column_5 ascending  fdr-cell  is-leaf is-sortable">
              <div class="cell">
                <div class="msm-header">Best FDR<mock-el-popover trigger="hover" placement="right">
                    <div slot-key="default">Lowest FDR among the datasets.</div>
                    <div slot-key="reference"><i class="el-icon-question metadata-help-icon ml-1"></i></div>
                  </mock-el-popover>
                </div><span class="caret-wrapper"><i class="sort-caret ascending"></i><i class="sort-caret descending"></i></span>
              </div>
            </th>
          </tr>
        </thead>
      </table>
    </div>
    <div class="el-table__body-wrapper is-scrolling-left">
      <table cellspacing="0" cellpadding="0" border="0" class="el-table__body" style="width: 520px;">
        <colgroup>
          <col name="el-table_1_column_1" width="120">
          <col name="el-table_1_column_2" width="120">
          <col name="el-table_1_column_3" width="60">
          <col name="el-table_1_column_4" width="100">
          <col name="el-table_1_column_5" width="120">
        </colgroup>
        <tbody>
          <tr class="el-table__row fdr-5 coloc-50">
            <td rowspan="1" colspan="1" class="el-table_1_column_1  ">
              <div class="cell">
                <div class="cell-wrapper">
                  <mock-el-popover trigger="hover" placement="right" class="cell-span">
                    <div slot-key="default">
                      <div class="leading-5 py-2 px-3 font-normal content text-sm text-left">
                        <!---->
                        <!---->
                        <ul class="p-0 list-none leading-7">
                          <!---->
                        </ul>
                        <!---->
                        <!---->
                      </div>
                    </div>
                    <div slot-key="reference"><span>[C<sub class="leading-none">10</sub>H<sub class="leading-none">11</sub>NO + Na]⁺</span>
                      <!---->
                      <!---->
                    </div>
                  </mock-el-popover> <svg data-icon="filter" class="cell-filter-button"></svg>
                </div>
              </div>
            </td>
            <td rowspan="1" colspan="1" class="el-table_1_column_2  ">
              <div class="cell">0.736</div>
            </td>
            <td rowspan="1" colspan="1" class="el-table_1_column_3  ">
              <div class="cell">184.0732</div>
            </td>
            <td rowspan="1" colspan="1" class="el-table_1_column_4  ">
              <div class="cell"></div>
            </td>
            <td rowspan="1" colspan="1" class="el-table_1_column_5  fdr-cell">
              <div class="cell"><span>5%</span></div>
            </td>
          </tr>
          <tr class="el-table__row el-table__row--striped fdr-5 coloc-50">
            <td rowspan="1" colspan="1" class="el-table_1_column_1  ">
              <div class="cell">
                <div class="cell-wrapper">
                  <mock-el-popover trigger="hover" placement="right" class="cell-span">
                    <div slot-key="default">
                      <div class="leading-5 py-2 px-3 font-normal content text-sm text-left">
                        <!---->
                        <!---->
                        <ul class="p-0 list-none leading-7">
                          <!---->
                        </ul>
                        <!---->
                        <!---->
                      </div>
                    </div>
                    <div slot-key="reference"><span>[C<sub class="leading-none">23</sub>H<sub class="leading-none">45</sub>NO<sub class="leading-none">4</sub> + H]⁺</span>
                      <!---->
                      <!---->
                    </div>
                  </mock-el-popover> <svg data-icon="filter" class="cell-filter-button"></svg>
                </div>
              </div>
            </td>
            <td rowspan="1" colspan="1" class="el-table_1_column_2  ">
              <div class="cell">0.510</div>
            </td>
            <td rowspan="1" colspan="1" class="el-table_1_column_3  ">
              <div class="cell">400.3421</div>
            </td>
            <td rowspan="1" colspan="1" class="el-table_1_column_4  ">
              <div class="cell"></div>
            </td>
            <td rowspan="1" colspan="1" class="el-table_1_column_5  fdr-cell">
              <div class="cell"><span>5%</span></div>
            </td>
          </tr>
          <!---->
        </tbody>
      </table>
      <!---->
      <!---->
    </div>
    <!---->
    <!---->
    <!---->
    <!---->
    <div class="el-table__column-resize-proxy" style="display: none;"></div>
  </div>
  <div class="flex justify-between items-start mt-2">
    <div>
      <mock-el-pagination total="2" pagesize="15" pagesizes="15,20,25,30" currentpage="1" layout="prev,pager,next,sizes"></mock-el-pagination>
      <div id="annot-count" class="mt-2"><b>2</b> matching records</div>
      <div class="mt-2">
        <div class="fdr-legend-header">FDR levels:</div>
        <div class="fdr-legend fdr-5">5%</div>
        <div class="fdr-legend fdr-10">10%</div>
        <div class="fdr-legend fdr-20">20%</div>
        <div class="fdr-legend fdr-50">50%</div>
      </div>
    </div>
    <div class="flex w-full items-center justify-end flex-wrap">
      <mock-el-popover class="mt-1">
        <div slot-key="default">
          <div class="cursor-pointer select-none">
            <div><i class="el-icon-check"></i><span>Annotation</span></div>
            <div><i class="el-icon-check invisible"></i><span>Adduct</span></div>
            <div><i class="el-icon-check"></i><span>Best MSM</span></div>
            <div><i class="el-icon-check"></i><span>m/z</span></div>
            <div><i class="el-icon-check"></i><span>Datasets #</span></div>
            <div><i class="el-icon-check invisible"></i><span>Isomers</span></div>
            <div><i class="el-icon-check invisible"></i><span>Isobars</span></div>
            <div><i class="el-icon-check invisible"></i><span>Max Intensity</span></div>
            <div><i class="el-icon-check invisible"></i><span>Molecules</span></div>
            <div><i class="el-icon-check"></i><span>Best FDR</span></div>
          </div>
        </div>
        <div slot-key="reference"><button type="button" class="el-button el-button--default select-btn-wrapper relative">
            <!---->
            <!----><span>Columns<i class="el-icon-arrow-down select-btn-icon"></i></span></button></div>
      </mock-el-popover>
      <mock-el-popover popper-class="export-pop" class="select-btn-wrapper ml-2 mt-1">
        <div slot-key="default">
          <p class="export-option">Annotations table</p>
          <p class="export-option">Pixel intensities</p>
        </div>
        <div slot-key="reference">
          <div><button type="button" class="el-button el-button--default select-btn-wrapper relative" width="146" height="42">
              <!---->
              <!----><span>Export to CSV<i class="el-icon-arrow-down select-btn-icon"></i></span></button></div>
        </div>
      </mock-el-popover>
      <div class="ml-2 mt-1"><button type="button" class="el-button el-button--default full-screen-btn">
          <!---->
          <!----><span><svg data-icon="exit_full_screen" class="full-screen-icon"></svg></span></button></div>
    </div>
  </div>
</div>
`;
