// Jest Snapshot v1, https://goo.gl/fbAQLP

exports[`SignInDialog should match snapshot 1`] = `
<mock-el-dialog title="Sign in" visible="">
  <div class="container">
    <div class="left-side">
      <form class="el-form">
        <div class="el-form-item is-required">
          <!---->
          <div class="el-form-item__content">
            <div class="el-input">
              <!----><input type="text" autocomplete="off" placeholder="Email address" class="el-input__inner">
              <!---->
              <!---->
              <!---->
              <!---->
            </div>
            <transition-stub name="el-zoom-in-top">
              <!---->
            </transition-stub>
          </div>
        </div>
        <div class="el-form-item is-required">
          <!---->
          <div class="el-form-item__content">
            <div class="el-input">
              <!----><input type="password" autocomplete="off" placeholder="Password" class="el-input__inner">
              <!---->
              <!---->
              <!---->
              <!---->
            </div>
            <transition-stub name="el-zoom-in-top">
              <!---->
            </transition-stub>
          </div>
        </div>
        <div style="overflow: hidden; transition-property: height; height: auto; transition-duration: 500ms;">
          <p style="margin-top: 0px; color: red;">
            Incorrect username or password
          </p>
        </div> <button type="button" class="el-button el-button--primary">
          <!---->
          <!----><span>
          Sign in
        </span></button>
      </form>
    </div>
    <div class="mid">
      <div class="divider"></div>
      <div class="text">
        or
      </div>
      <div class="divider"></div>
    </div>
    <div class="right-side"><a href="/api_auth/google" class="google-button">
        <div class="abcRioButton abcRioButtonBlue">
          <div class="abcRioButtonContentWrapper">
            <div class="abcRioButtonIcon" style="padding: 10px;">
              <div class="abcRioButtonSvgImageWithFallback abcRioButtonIconImage abcRioButtonIconImage18" style="width: 18px; height: 18px;"><svg version="1.1" xmlns="http://www.w3.org/2000/svg" width="18px" height="18px" viewBox="0 0 48 48" class="abcRioButtonSvg">
                  <g>
                    <path fill="#EA4335" d="M24 9.5c3.54 0 6.71 1.22 9.21 3.6l6.85-6.85C35.9 2.38 30.47 0 24 0 14.62 0 6.51 5.38 2.56 13.22l7.98 6.19C12.43 13.72 17.74 9.5 24 9.5z"></path>
                    <path fill="#4285F4" d="M46.98 24.55c0-1.57-.15-3.09-.38-4.55H24v9.02h12.94c-.58 2.96-2.26 5.48-4.78 7.18l7.73 6c4.51-4.18 7.09-10.36 7.09-17.65z"></path>
                    <path fill="#FBBC05" d="M10.53 28.59c-.48-1.45-.76-2.99-.76-4.59s.27-3.14.76-4.59l-7.98-6.19C.92 16.46 0 20.12 0 24c0 3.88.92 7.54 2.56 10.78l7.97-6.19z"></path>
                    <path fill="#34A853" d="M24 48c6.48 0 11.93-2.13 15.89-5.81l-7.73-6c-2.15 1.45-4.92 2.3-8.16 2.3-6.26 0-11.57-4.22-13.47-9.91l-7.98 6.19C6.51 42.62 14.62 48 24 48z"></path>
                    <path fill="none" d="M0 0h48v48H0z"></path>
                  </g>
                </svg></div>
            </div> <span class="abcRioButtonContents" style="font-size: 16px; line-height: 38px;">Sign in with Google</span>
          </div>
        </div>
      </a></div>
  </div>
  <p><a href="/account/forgot-password">
      Forgot password?
    </a></p>
  <p>
    New user? <a href="/account/create-account">
      Create an account
    </a></p>
  <p style="margin-bottom: 0px;">
    Submitted data previously but never set a password? <a href="#">Click here</a></p>
  <div style="overflow: hidden; transition-property: height; height: auto; transition-duration: 500ms;">
    <p style="margin-bottom: 0px;">
      We now require that all METASPACE users have an account to upload and manage datasets.
      If you have submitted datasets to METASPACE previously,
      please <a href="/account/create-account">
        create an account
      </a> using the same email address
      that you used when submitting the datasets, and you will be reunited with them.
      <a href="mailto:contact@metaspace2020.eu">Contact us</a> if you have lost access to any datasets that you submitted.
    </p>
  </div>
</mock-el-dialog>
`;
