// Jest Snapshot v1, https://goo.gl/fbAQLP

exports[`DatasetBrowserSpectrumChart it should match snapshot when empty 1`] = `
<div
  class="dataset-browser-spectrum-container"
  isempty="true"
/>
`;
