// Jest Snapshot v1, https://goo.gl/fbAQLP

exports[`DatasetOverviewPage should match snapshot when dataset does not exist 1`] = `<div class="text-center">This dataset doesn't exist, or you do not have access to it.</div>`;

exports[`DatasetOverviewPage should match snapshot when dataset exist 1`] = `
<div class="dataset-overview-container justify-center">
  <div class="dataset-overview-wrapper max-w-4xl w-full">
    <div class="dataset-overview-header">
      <h1 class="text-center truncate">JD_Sampe<span class="text-base align-middle"></span></h1>
      <!--function (el) {
      var obj;

      var args = [], len = arguments.length - 1;
      while ( len-- > 0 ) args[ len ] = arguments[ len + 1 ];
      if (shouldNotBeStubbed(el, stubs, modifiedComponents)) {
        return originalCreateElement.apply(void 0, [ el ].concat( args ))
      }

      if (isConstructor(el) || isComponentOptions(el)) {
        if (stubAllComponents) {
          var stub = createStubFromComponent(el, el.name || 'anonymous', _Vue);
          return originalCreateElement.apply(void 0, [ stub ].concat( args ))
        }
        var Constructor = shouldExtend(el) ? extend(el, _Vue) : el;

        return originalCreateElement.apply(void 0, [ Constructor ].concat( args ))
      }

      if (typeof el === 'string') {
        var original = resolveComponent(el, originalComponents);

        if (!original) {
          return originalCreateElement.apply(void 0, [ el ].concat( args ))
        }

        if (isDynamicComponent(original)) {
          return originalCreateElement.apply(void 0, [ el ].concat( args ))
        }

        var stub$1 = createStubIfNeeded(stubAllComponents, original, _Vue, el);

        if (stub$1) {
          Object.assign(vm.$options.components, ( obj = {}, obj[el] = stub$1, obj ));
          modifiedComponents.add(el);
        }
      }

      return originalCreateElement.apply(void 0, [ el ].concat( args ))
    }-->
    </div>
    <div class="dataset-overview-holder">
      <p class="truncate">John Doe<a href="/group/gxxxx" class="ml-1">(TG)</a></p>
      <div>11 March, 2021</div>
      <section class="sm-RichText dataset-opt-description p-0">
        <div>
          <div class="transition-colors ease-in-out duration-300 rounded bg-transparent">
            <div contenteditable="false" tabindex="0" class="ProseMirror">
              <p data-empty-text=" " class="sm-RichText-placeholder is-editor-empty"><br></p>
            </div>
          </div>
        </div>
      </section>
    </div>
    <div class="dataset-overview-holder">
      <h1 class="truncate">Annotations</h1>
      <div class="relative text-center">
        <h4># of annotations with FDR% &lt;=</h4>
        <div class="el-table el-table--fit el-table--scrollable-x el-table--enable-row-hover el-table--enable-row-transition" style="width: 100%; margin-top: 20px;">
          <div class="hidden-columns">
            <div></div>
            <div></div>
            <div></div>
            <div></div>
            <div></div>
          </div>
          <div class="el-table__header-wrapper">
            <table cellspacing="0" cellpadding="0" border="0" class="el-table__header" style="width: 400px;">
              <colgroup>
                <col name="el-table_1_column_1" width="80">
                <col name="el-table_1_column_2" width="80">
                <col name="el-table_1_column_3" width="80">
                <col name="el-table_1_column_4" width="80">
                <col name="el-table_1_column_5" width="80">
              </colgroup>
              <thead class="">
                <tr class="">
                  <th colspan="1" rowspan="1" class="el-table_1_column_1     is-leaf is-sortable">
                    <div class="cell">Database<span class="caret-wrapper"><i class="sort-caret ascending"></i><i class="sort-caret descending"></i></span></div>
                  </th>
                  <th colspan="1" rowspan="1" class="el-table_1_column_2     is-leaf is-sortable">
                    <div class="cell">5%<span class="caret-wrapper"><i class="sort-caret ascending"></i><i class="sort-caret descending"></i></span></div>
                  </th>
                  <th colspan="1" rowspan="1" class="el-table_1_column_3     is-leaf is-sortable">
                    <div class="cell">10%<span class="caret-wrapper"><i class="sort-caret ascending"></i><i class="sort-caret descending"></i></span></div>
                  </th>
                  <th colspan="1" rowspan="1" class="el-table_1_column_4     is-leaf is-sortable">
                    <div class="cell">20%<span class="caret-wrapper"><i class="sort-caret ascending"></i><i class="sort-caret descending"></i></span></div>
                  </th>
                  <th colspan="1" rowspan="1" class="el-table_1_column_5     is-leaf is-sortable">
                    <div class="cell">50%<span class="caret-wrapper"><i class="sort-caret ascending"></i><i class="sort-caret descending"></i></span></div>
                  </th>
                </tr>
              </thead>
            </table>
          </div>
          <div class="el-table__body-wrapper is-scrolling-left">
            <table cellspacing="0" cellpadding="0" border="0" class="el-table__body" style="width: 400px;">
              <colgroup>
                <col name="el-table_1_column_1" width="80">
                <col name="el-table_1_column_2" width="80">
                <col name="el-table_1_column_3" width="80">
                <col name="el-table_1_column_4" width="80">
                <col name="el-table_1_column_5" width="80">
              </colgroup>
              <tbody>
                <tr class="el-table__row">
                  <td rowspan="1" colspan="1" class="el-table_1_column_1  ">
                    <div class="cell"><a href="/dataset/dataset1/annotations?db_id=115&amp;ds=dataset1" class="">dataset.annotationCounts.0.dbName-dataset.annotationCounts.0.dbVersion</a></div>
                  </td>
                  <td rowspan="1" colspan="1" class="el-table_1_column_2  ">
                    <div class="cell"><a href="/dataset/dataset1/annotations?db_id=115&amp;ds=dataset1&amp;fdr=0.05" class=""></a></div>
                  </td>
                  <td rowspan="1" colspan="1" class="el-table_1_column_3  ">
                    <div class="cell"><a href="/dataset/dataset1/annotations?db_id=115&amp;ds=dataset1&amp;fdr=0.1" class=""></a></div>
                  </td>
                  <td rowspan="1" colspan="1" class="el-table_1_column_4  ">
                    <div class="cell"><a href="/dataset/dataset1/annotations?db_id=115&amp;ds=dataset1&amp;fdr=0.2" class=""></a></div>
                  </td>
                  <td rowspan="1" colspan="1" class="el-table_1_column_5  ">
                    <div class="cell"><a href="/dataset/dataset1/annotations?db_id=115&amp;ds=dataset1&amp;fdr=0.5" class=""></a></div>
                  </td>
                </tr>
                <tr class="el-table__row">
                  <td rowspan="1" colspan="1" class="el-table_1_column_1  ">
                    <div class="cell"><a href="/dataset/dataset1/annotations?db_id=114&amp;ds=dataset1" class="">dataset.annotationCounts.1.dbName-dataset.annotationCounts.1.dbVersion</a></div>
                  </td>
                  <td rowspan="1" colspan="1" class="el-table_1_column_2  ">
                    <div class="cell"><a href="/dataset/dataset1/annotations?db_id=114&amp;ds=dataset1&amp;fdr=0.05" class=""></a></div>
                  </td>
                  <td rowspan="1" colspan="1" class="el-table_1_column_3  ">
                    <div class="cell"><a href="/dataset/dataset1/annotations?db_id=114&amp;ds=dataset1&amp;fdr=0.1" class=""></a></div>
                  </td>
                  <td rowspan="1" colspan="1" class="el-table_1_column_4  ">
                    <div class="cell"><a href="/dataset/dataset1/annotations?db_id=114&amp;ds=dataset1&amp;fdr=0.2" class=""></a></div>
                  </td>
                  <td rowspan="1" colspan="1" class="el-table_1_column_5  ">
                    <div class="cell"><a href="/dataset/dataset1/annotations?db_id=114&amp;ds=dataset1&amp;fdr=0.5" class=""></a></div>
                  </td>
                </tr>
                <!---->
              </tbody>
            </table>
            <!---->
            <!---->
          </div>
          <div class="el-table__footer-wrapper">
            <table cellspacing="0" cellpadding="0" border="0" class="el-table__footer" style="width: 400px;">
              <colgroup>
                <col name="el-table_1_column_1" width="80">
                <col name="el-table_1_column_2" width="80">
                <col name="el-table_1_column_3" width="80">
                <col name="el-table_1_column_4" width="80">
                <col name="el-table_1_column_5" width="80">
              </colgroup>
              <tbody class="">
                <tr>
                  <td colspan="1" rowspan="1" class="el-table_1_column_1 is-leaf">
                    <div class="cell">Total Annotations</div>
                  </td>
                  <td colspan="1" rowspan="1" class="el-table_1_column_2 is-leaf">
                    <div class="cell"><a href="/dataset/dataset1/annotations?ds=dataset1&amp;fdr=0.05" class="">NaN</a></div>
                  </td>
                  <td colspan="1" rowspan="1" class="el-table_1_column_3 is-leaf">
                    <div class="cell"><a href="/dataset/dataset1/annotations?ds=dataset1&amp;fdr=0.1" class="">NaN</a></div>
                  </td>
                  <td colspan="1" rowspan="1" class="el-table_1_column_4 is-leaf">
                    <div class="cell"><a href="/dataset/dataset1/annotations?ds=dataset1&amp;fdr=0.2" class="">NaN</a></div>
                  </td>
                  <td colspan="1" rowspan="1" class="el-table_1_column_5 is-leaf">
                    <div class="cell"><a href="/dataset/dataset1/annotations?ds=dataset1&amp;fdr=0.5" class="">NaN</a></div>
                  </td>
                </tr>
              </tbody>
            </table>
          </div>
          <!---->
          <!---->
          <!---->
          <div class="el-table__column-resize-proxy" style="display: none;"></div>
        </div>
        <div class="text-right mt-2"><button type="button" class="el-button el-button--default">
            <!---->
            <!----><span>Browse annotations</span></button></div>
      </div>
    </div>
    <div class="dataset-overview-holder">
      <h1 class="truncate">Details</h1>
      <div class="flex flex-wrap relative -m-3">
        <div class="flex-grow box-border min-w-64 p-3 break-words">
          <p class="max-h-32 overflow-y-auto">Imaging MS</p>
        </div>
        <div class="flex-grow box-border min-w-64 p-3 break-words">
          <h3 class="m-0 my-2">MS analysis</h3>
          <ul class="list-none p-0 m-0 max-h-40 overflow-y-auto"></ul>
        </div>
      </div>
    </div>
    <div class="dataset-overview-holder">
      <div class="flex flex-wrap relative -m-3">
        <div class="flex-grow box-border min-w-64 p-3 break-words">
          <h3 class="m-0 my-2">Annotation settings</h3>
          <ul class="list-none p-0 m-0 max-h-40 overflow-y-auto">
            <li><b>m/z tolerance (ppm):</b> 3</li>
          </ul>
        </div>
      </div>
    </div>
    <div class="dataset-overview-holder">
      <h1 class="truncate">Projects</h1>
      <div class="flex-grow box-border min-w-64 p-0 break-words">
        <ul class="list-none p-0 py-3 m-0 max-h-40 overflow-y-auto">
          <li><b>Name: </b><a href="/project/pj1" class="ml-1">Test</a></li>
        </ul>
      </div>
    </div>
  </div>
</div>
`;
